x,y
114,145
34,228
74,157
266,270
297,76
214,268
130,144